Property ID "Table1" (found on "fo:block-container") previously used; ID values must be unique within a document! (See position 74:385)
org.apache.fop.fo.ValidationException: null:74:385: Property ID "Table1" (found on "fo:block-container") previously used; ID values must be unique within a document! (See position 74:385)
javax.xml.transform.TransformerException: org.apache.fop.fo.ValidationException: null:74:385: Property ID "Table1" (found on "fo:block-container") previously used; ID values must be unique within a document! (See position 74:385)
	at org.apache.xalan.transformer.TransformerIdentityImpl.transform(TransformerIdentityImpl.java:536)
	at org.metanorma.fop.PDFGenerator.runFOP(PDFGenerator.java:952)
	at org.metanorma.fop.PDFGenerator.convertmn2pdf(PDFGenerator.java:750)
	at org.metanorma.fop.PDFGenerator.process(PDFGenerator.java:411)
	at org.metanorma.fop.mn2pdf.main(mn2pdf.java:383)
Caused by: org.apache.fop.fo.ValidationException: null:74:385: Property ID "Table1" (found on "fo:block-container") previously used; ID values must be unique within a document! (See position 74:385)
	at org.apache.fop.event.ValidationExceptionFactory.createException(ValidationExceptionFactory.java:40)
	at org.apache.fop.events.EventExceptionManager.throwException(EventExceptionManager.java:58)
	at org.apache.fop.events.DefaultEventBroadcaster$1.invoke(DefaultEventBroadcaster.java:173)
	at jdk.proxy2/jdk.proxy2.$Proxy10.idNotUnique(Unknown Source)
	at org.apache.fop.fo.FObj.checkId(FObj.java:240)
	at org.apache.fop.fo.FObj.startOfNode(FObj.java:188)
	at org.apache.fop.fo.flow.BlockContainer.startOfNode(BlockContainer.java:115)
	at org.apache.fop.fo.FOTreeBuilder$MainFOHandler.startElement(FOTreeBuilder.java:367)
	at org.apache.fop.fo.FOTreeBuilder$2.run(FOTreeBuilder.java:185)
	at org.apache.fop.fo.FOTreeBuilder$2.run(FOTreeBuilder.java:182)
	at java.base/java.security.AccessController.doPrivileged(AccessController.java:318)
	at org.apache.fop.fo.FOTreeBuilder.startElement(FOTreeBuilder.java:181)
	at org.apache.xalan.transformer.TransformerIdentityImpl.startElement(TransformerIdentityImpl.java:1120)
	at java.xml/com.sun.org.apache.xerces.internal.parsers.AbstractSAXParser.startElement(AbstractSAXParser.java:518)
	at java.xml/com.sun.org.apache.xerces.internal.impl.XMLNSDocumentScannerImpl.scanStartElement(XMLNSDocumentScannerImpl.java:374)
	at java.xml/com.sun.org.apache.xerces.internal.impl.XMLDocumentFragmentScannerImpl$FragmentContentDriver.next(XMLDocumentFragmentScannerImpl.java:2726)
	at java.xml/com.sun.org.apache.xerces.internal.impl.XMLDocumentScannerImpl.next(XMLDocumentScannerImpl.java:605)
	at java.xml/com.sun.org.apache.xerces.internal.impl.XMLNSDocumentScannerImpl.next(XMLNSDocumentScannerImpl.java:112)
	at java.xml/com.sun.org.apache.xerces.internal.impl.XMLDocumentFragmentScannerImpl.scanDocument(XMLDocumentFragmentScannerImpl.java:542)
	at java.xml/com.sun.org.apache.xerces.internal.parsers.XML11Configuration.parse(XML11Configuration.java:889)
	at java.xml/com.sun.org.apache.xerces.internal.parsers.XML11Configuration.parse(XML11Configuration.java:825)
	at java.xml/com.sun.org.apache.xerces.internal.parsers.XMLParser.parse(XMLParser.java:141)
	at java.xml/com.sun.org.apache.xerces.internal.parsers.AbstractSAXParser.parse(AbstractSAXParser.java:1224)
	at org.apache.xalan.transformer.TransformerIdentityImpl.transform(TransformerIdentityImpl.java:519)
	... 4 more
---------
org.apache.fop.fo.ValidationException: null:74:385: Property ID "Table1" (found on "fo:block-container") previously used; ID values must be unique within a document! (See position 74:385)
	at org.apache.fop.event.ValidationExceptionFactory.createException(ValidationExceptionFactory.java:40)
	at org.apache.fop.events.EventExceptionManager.throwException(EventExceptionManager.java:58)
	at org.apache.fop.events.DefaultEventBroadcaster$1.invoke(DefaultEventBroadcaster.java:173)
	at jdk.proxy2/jdk.proxy2.$Proxy10.idNotUnique(Unknown Source)
	at org.apache.fop.fo.FObj.checkId(FObj.java:240)
	at org.apache.fop.fo.FObj.startOfNode(FObj.java:188)
	at org.apache.fop.fo.flow.BlockContainer.startOfNode(BlockContainer.java:115)
	at org.apache.fop.fo.FOTreeBuilder$MainFOHandler.startElement(FOTreeBuilder.java:367)
	at org.apache.fop.fo.FOTreeBuilder$2.run(FOTreeBuilder.java:185)
	at org.apache.fop.fo.FOTreeBuilder$2.run(FOTreeBuilder.java:182)
	at java.base/java.security.AccessController.doPrivileged(AccessController.java:318)
	at org.apache.fop.fo.FOTreeBuilder.startElement(FOTreeBuilder.java:181)
	at org.apache.xalan.transformer.TransformerIdentityImpl.startElement(TransformerIdentityImpl.java:1120)
	at java.xml/com.sun.org.apache.xerces.internal.parsers.AbstractSAXParser.startElement(AbstractSAXParser.java:518)
	at java.xml/com.sun.org.apache.xerces.internal.impl.XMLNSDocumentScannerImpl.scanStartElement(XMLNSDocumentScannerImpl.java:374)
	at java.xml/com.sun.org.apache.xerces.internal.impl.XMLDocumentFragmentScannerImpl$FragmentContentDriver.next(XMLDocumentFragmentScannerImpl.java:2726)
	at java.xml/com.sun.org.apache.xerces.internal.impl.XMLDocumentScannerImpl.next(XMLDocumentScannerImpl.java:605)
	at java.xml/com.sun.org.apache.xerces.internal.impl.XMLNSDocumentScannerImpl.next(XMLNSDocumentScannerImpl.java:112)
	at java.xml/com.sun.org.apache.xerces.internal.impl.XMLDocumentFragmentScannerImpl.scanDocument(XMLDocumentFragmentScannerImpl.java:542)
	at java.xml/com.sun.org.apache.xerces.internal.parsers.XML11Configuration.parse(XML11Configuration.java:889)
	at java.xml/com.sun.org.apache.xerces.internal.parsers.XML11Configuration.parse(XML11Configuration.java:825)
	at java.xml/com.sun.org.apache.xerces.internal.parsers.XMLParser.parse(XMLParser.java:141)
	at java.xml/com.sun.org.apache.xerces.internal.parsers.AbstractSAXParser.parse(AbstractSAXParser.java:1224)
	at org.apache.xalan.transformer.TransformerIdentityImpl.transform(TransformerIdentityImpl.java:519)
	at org.metanorma.fop.PDFGenerator.runFOP(PDFGenerator.java:952)
	at org.metanorma.fop.PDFGenerator.convertmn2pdf(PDFGenerator.java:750)
	at org.metanorma.fop.PDFGenerator.process(PDFGenerator.java:411)
	at org.metanorma.fop.mn2pdf.main(mn2pdf.java:383)

