<?xml version="1.0" encoding="UTF-8"?><!--
Relative config URLs are resolved relative to location of this file.
--><!-- NOTE: This is the version of the configuration --><fop version="1.0">

  <accessibility keep-empty-tags="false">true</accessibility>

  <!-- Base URL for resolving relative URLs -->
  <base>.</base>

  <!-- Source resolution in dpi (dots/pixels per inch) for determining the size of pixels in SVG and bitmap images, default: 72dpi -->
  <source-resolution>96</source-resolution>
  <!-- Target resolution in dpi (dots/pixels per inch) for specifying the target resolution for generated bitmaps, default: 72dpi -->
  <target-resolution>96</target-resolution>
  <complex-scripts disabled="false"/>
  <!-- Default page-height and page-width, in case value is specified as auto -->
  <default-page-settings height="11.00in" width="8.50in"/>
  <fonts>
    <substitutions>
    </substitutions>
  </fonts>
  <!-- Information for specific renderers -->
  <!-- Uses renderer mime type for renderers -->
  <renderers>
    <renderer mime="application/pdf">
      <pdf-ua-mode>PDF/UA-1</pdf-ua-mode>
      <!-- <linearization>true</linearization> commented: see https://github.com/metanorma/mn2pdf/issues/204 -->
      <version>1.7</version>
      <filterList>
        <!-- provides compression using zlib flate (default is on) -->
        <value>flate</value>

        <!-- encodes binary data into printable ascii characters (default off)
             This provides about a 4:5 expansion of data size -->
        <!-- <value>ascii-85</value> -->

        <!-- encodes binary data with hex representation (default off)
             This filter is not recommended as it doubles the data size -->
        <!-- <value>ascii-hex</value> -->
      </filterList>

      <fonts><font embed-url="file:/config/fonts/pclinuxos_webcore_fonts/cambria.ttc" kerning="yes" mn_default="false" sub-font="Cambria Math"><alternate embed-url="Cambria Math.ttf"/><alternate embed-url="cambria.ttf"/><font-triplet name="Cambria Math" style="normal" weight="normal"><weightNumerical>400</weightNumerical></font-triplet></font><font embed-url="file:/config/fonts/pclinuxos_webcore_fonts/cambria.ttc" kerning="yes" mn_default="false" simulate-style="true" sub-font="Cambria Math"><alternate embed-url="Cambria Math.ttf" simulate-style="true"/><alternate embed-url="cambria.ttf" simulate-style="true"/><font-triplet name="Cambria Math" style="normal" weight="bold"><weightNumerical>700</weightNumerical></font-triplet></font><font embed-url="file:/config/fonts/pclinuxos_webcore_fonts/calibri.ttf" kerning="yes" mn_default="false"><font-triplet name="Calibri" style="normal" weight="normal"><weightNumerical>400</weightNumerical></font-triplet></font><font embed-url="file:/config/fonts/pclinuxos_webcore_fonts/calibrib.ttf" kerning="yes" mn_default="false"><alternate embed-url="Calibri Bold.ttf"/><font-triplet name="Calibri" style="normal" weight="bold"><weightNumerical>700</weightNumerical></font-triplet></font><font embed-url="file:/config/fonts/pclinuxos_webcore_fonts/calibrii.ttf" kerning="yes" mn_default="false"><alternate embed-url="Calibri Italic.ttf"/><font-triplet name="Calibri" style="italic" weight="normal"><weightNumerical>400</weightNumerical></font-triplet></font><font embed-url="file:/config/fonts/pclinuxos_webcore_fonts/calibriz.ttf" kerning="yes" mn_default="false"><alternate embed-url="Calibri Bold Italic.ttf"/><font-triplet name="Calibri" style="italic" weight="bold"><weightNumerical>700</weightNumerical></font-triplet></font><font embed-url="file:/config/fonts/ms_truetype/Arial.ttf" kerning="yes" mn_default="false"><font-triplet name="Arial" style="normal" weight="normal"><weightNumerical>400</weightNumerical></font-triplet></font><font embed-url="file:/config/fonts/ms_truetype/ArialBd.ttf" kerning="yes" mn_default="false"><alternate embed-url="Arial Bold.ttf"/><font-triplet name="Arial" style="normal" weight="bold"><weightNumerical>700</weightNumerical></font-triplet></font><font embed-url="file:/config/fonts/ms_truetype/ArialBI.ttf" kerning="yes" mn_default="false"><alternate embed-url="Arial Bold Italic.ttf"/><font-triplet name="Arial" style="italic" weight="bold"><weightNumerical>700</weightNumerical></font-triplet></font><font embed-url="file:/config/fonts/ms_truetype/ArialI.ttf" kerning="yes" mn_default="false"><alternate embed-url="Arial Italic.ttf"/><font-triplet name="Arial" style="italic" weight="normal"><weightNumerical>400</weightNumerical></font-triplet></font><font embed-url="file:/github/home/.metanorma/fonts/NotoSans-Regular.ttf" kerning="yes" mn_default="true"><font-triplet name="Noto Sans" style="normal" weight="normal"><weightNumerical>400</weightNumerical></font-triplet></font><font embed-url="file:/github/home/.metanorma/fonts/NotoSans-Bold.ttf" kerning="yes" mn_default="true"><font-triplet name="Noto Sans" style="normal" weight="bold"><weightNumerical>700</weightNumerical></font-triplet></font><font embed-url="file:/github/home/.metanorma/fonts/NotoSans-Italic.ttf" kerning="yes" mn_default="true"><font-triplet name="Noto Sans" style="italic" weight="normal"><weightNumerical>400</weightNumerical></font-triplet></font><font embed-url="file:/github/home/.metanorma/fonts/NotoSans-BoldItalic.ttf" kerning="yes" mn_default="true"><font-triplet name="Noto Sans" style="italic" weight="bold"><weightNumerical>700</weightNumerical></font-triplet></font><font embed-url="file:/github/home/.metanorma/fonts/NotoSans-Light.ttf" kerning="yes" mn_default="true"><font-triplet name="Noto Sans" style="normal" weight="300"><weightNumerical>300</weightNumerical></font-triplet></font><font embed-url="file:/github/home/.metanorma/fonts/NotoSans-LightItalic.ttf" kerning="yes" mn_default="true"><font-triplet name="Noto Sans" style="italic" weight="300"><weightNumerical>300</weightNumerical></font-triplet></font><font embed-url="file:/github/home/.metanorma/fonts/NotoSansHK-Regular.otf" kerning="yes" mn_default="true"><font-triplet name="Noto Sans HK" style="normal" weight="normal"><weightNumerical>400</weightNumerical></font-triplet></font><font embed-url="file:/github/home/.metanorma/fonts/NotoSansHK-Regular.otf" kerning="yes" mn_default="true" simulate-style="true"><font-triplet name="Noto Sans HK" style="italic" weight="normal"><weightNumerical>400</weightNumerical></font-triplet></font><font embed-url="file:/github/home/.metanorma/fonts/NotoSansHK-Bold.otf" kerning="yes" mn_default="true"><font-triplet name="Noto Sans HK" style="normal" weight="bold"><weightNumerical>700</weightNumerical></font-triplet></font><font embed-url="file:/github/home/.metanorma/fonts/NotoSansHK-Bold.otf" kerning="yes" mn_default="true" simulate-style="true"><font-triplet name="Noto Sans HK" style="italic" weight="bold"><weightNumerical>700</weightNumerical></font-triplet></font><font embed-url="file:/github/home/.metanorma/fonts/NotoSansJP-Regular.otf" kerning="yes" mn_default="true"><font-triplet name="Noto Sans JP" style="normal" weight="normal"><weightNumerical>400</weightNumerical></font-triplet></font><font embed-url="file:/github/home/.metanorma/fonts/NotoSansJP-Regular.otf" kerning="yes" mn_default="true" simulate-style="true"><font-triplet name="Noto Sans JP" style="italic" weight="normal"><weightNumerical>400</weightNumerical></font-triplet></font><font embed-url="file:/github/home/.metanorma/fonts/NotoSansJP-Bold.otf" kerning="yes" mn_default="true"><font-triplet name="Noto Sans JP" style="normal" weight="bold"><weightNumerical>700</weightNumerical></font-triplet></font><font embed-url="file:/github/home/.metanorma/fonts/NotoSansJP-Bold.otf" kerning="yes" mn_default="true" simulate-style="true"><font-triplet name="Noto Sans JP" style="italic" weight="bold"><weightNumerical>700</weightNumerical></font-triplet></font><font embed-url="file:/github/home/.metanorma/fonts/NotoSansKR-Regular.otf" kerning="yes" mn_default="true"><font-triplet name="Noto Sans KR" style="normal" weight="normal"><weightNumerical>400</weightNumerical></font-triplet></font><font embed-url="file:/github/home/.metanorma/fonts/NotoSansKR-Regular.otf" kerning="yes" mn_default="true" simulate-style="true"><font-triplet name="Noto Sans KR" style="italic" weight="normal"><weightNumerical>400</weightNumerical></font-triplet></font><font embed-url="file:/github/home/.metanorma/fonts/NotoSansKR-Bold.otf" kerning="yes" mn_default="true"><font-triplet name="Noto Sans KR" style="normal" weight="bold"><weightNumerical>700</weightNumerical></font-triplet></font><font embed-url="file:/github/home/.metanorma/fonts/NotoSansKR-Bold.otf" kerning="yes" mn_default="true" simulate-style="true"><font-triplet name="Noto Sans KR" style="italic" weight="bold"><weightNumerical>700</weightNumerical></font-triplet></font><font embed-url="file:/github/home/.metanorma/fonts/NotoSansSC-Regular.otf" kerning="yes" mn_default="true"><font-triplet name="Noto Sans SC" style="normal" weight="normal"><weightNumerical>400</weightNumerical></font-triplet></font><font embed-url="file:/github/home/.metanorma/fonts/NotoSansSC-Regular.otf" kerning="yes" mn_default="true" simulate-style="true"><font-triplet name="Noto Sans SC" style="italic" weight="normal"><weightNumerical>400</weightNumerical></font-triplet></font><font embed-url="file:/github/home/.metanorma/fonts/NotoSansSC-Bold.otf" kerning="yes" mn_default="true"><font-triplet name="Noto Sans SC" style="normal" weight="bold"><weightNumerical>700</weightNumerical></font-triplet></font><font embed-url="file:/github/home/.metanorma/fonts/NotoSansSC-Bold.otf" kerning="yes" mn_default="true" simulate-style="true"><font-triplet name="Noto Sans SC" style="italic" weight="bold"><weightNumerical>700</weightNumerical></font-triplet></font><font embed-url="file:/github/home/.metanorma/fonts/NotoSansTC-Regular.otf" kerning="yes" mn_default="true"><font-triplet name="Noto Sans TC" style="normal" weight="normal"><weightNumerical>400</weightNumerical></font-triplet></font><font embed-url="file:/github/home/.metanorma/fonts/NotoSansTC-Regular.otf" kerning="yes" mn_default="true" simulate-style="true"><font-triplet name="Noto Sans TC" style="italic" weight="normal"><weightNumerical>400</weightNumerical></font-triplet></font><font embed-url="file:/github/home/.metanorma/fonts/NotoSansTC-Bold.otf" kerning="yes" mn_default="true"><font-triplet name="Noto Sans TC" style="normal" weight="bold"><weightNumerical>700</weightNumerical></font-triplet></font><font embed-url="file:/github/home/.metanorma/fonts/NotoSansTC-Bold.otf" kerning="yes" mn_default="true" simulate-style="true"><font-triplet name="Noto Sans TC" style="italic" weight="bold"><weightNumerical>700</weightNumerical></font-triplet></font></fonts>

      <!-- This option lets you specify additional options on an XML handler -->
      <!--xml-handler namespace="http://www.w3.org/2000/svg">
        <stroke-text>false</stroke-text>
      </xml-handler-->

    </renderer>

  </renderers>

</fop>